// Jest Snapshot v1, https://goo.gl/fbAQLP

exports[`GifGridItem test debe mostar el componente correctamente 1`] = `
<div
  className="card animate__animated animate__fadeInDownBig"
>
  <img
    alt="un titulo"
    src="https://google.com/algo.jpg"
  />
  <p>
    un titulo
  </p>
</div>
`;
